[nltk_data] Downloading package stopwords to /home/fxu/nltk_data...
[nltk_data]   Package stopwords is already up-to-date!
[nltk_data] Downloading package punkt to /home/fxu/nltk_data...
[nltk_data]   Package punkt is already up-to-date!
[nltk_data] Downloading package punkt_tab to /home/fxu/nltk_data...
[nltk_data]   Package punkt_tab is already up-to-date!
INFO 11-22 19:53:31 [__init__.py:235] Automatically detected platform cuda.
Using a slow image processor as `use_fast` is unset and a slow processor was saved with this model. `use_fast=True` will be the default behavior in v4.52, even if the model was saved with a slow processor. This will result in minor differences in outputs. You'll still be able to use a slow processor with `use_fast=False`.
5054 5054
Loading translated captions from ../data/LAKA_caps
(5054, 2)
True
**********mclip**********
**********img2txt**********
┌───────────┬─────────┐
│ Metric    │ Value   │
├───────────┼─────────┤
│ P@1      │   9.06% │
│ R@1      │   9.06% │
│ MRR@1    │   9.06% │
│ mAP@1    │   9.06% │
└───────────┴─────────┘
┌───────────┬─────────┐
│ Metric    │ Value   │
├───────────┼─────────┤
│ P@5      │   3.42% │
│ R@5      │  17.10% │
│ MRR@5    │  12.02% │
│ mAP@5    │  12.02% │
└───────────┴─────────┘
┌───────────┬─────────┐
│ Metric    │ Value   │
├───────────┼─────────┤
│ P@10     │   2.17% │
│ R@10     │  21.75% │
│ MRR@10   │  12.64% │
│ mAP@10   │  12.64% │
└───────────┴─────────┘
