[nltk_data] Downloading package stopwords to /home/fxu/nltk_data...
[nltk_data]   Package stopwords is already up-to-date!
[nltk_data] Downloading package punkt to /home/fxu/nltk_data...
[nltk_data]   Package punkt is already up-to-date!
[nltk_data] Downloading package punkt_tab to /home/fxu/nltk_data...
[nltk_data]   Package punkt_tab is already up-to-date!
INFO 11-22 19:44:59 [__init__.py:235] Automatically detected platform cuda.
5054 5054
Loading translated captions from ../data/LAKA_caps
(5054, 2)
True
**********blip**********
reshape position embedding from 576 to 196
load checkpoint from https://storage.googleapis.com/sfr-vision-language-research/BLIP/models/model_base_retrieval_coco.pth
**********txt2img**********
┌───────────┬─────────┐
│ Metric    │ Value   │
├───────────┼─────────┤
│ P@1      │  12.03% │
│ R@1      │  12.03% │
│ MRR@1    │  12.03% │
│ mAP@1    │  12.03% │
└───────────┴─────────┘
┌───────────┬─────────┐
│ Metric    │ Value   │
├───────────┼─────────┤
│ P@5      │   4.38% │
│ R@5      │  21.90% │
│ MRR@5    │  15.64% │
│ mAP@5    │  15.64% │
└───────────┴─────────┘
┌───────────┬─────────┐
│ Metric    │ Value   │
├───────────┼─────────┤
│ P@10     │   2.72% │
│ R@10     │  27.23% │
│ MRR@10   │  16.35% │
│ mAP@10   │  16.35% │
└───────────┴─────────┘
