[nltk_data] Downloading package stopwords to /home/fxu/nltk_data...
[nltk_data]   Package stopwords is already up-to-date!
[nltk_data] Downloading package punkt to /home/fxu/nltk_data...
[nltk_data]   Package punkt is already up-to-date!
[nltk_data] Downloading package punkt_tab to /home/fxu/nltk_data...
[nltk_data]   Package punkt_tab is already up-to-date!
INFO 11-22 19:34:07 [__init__.py:235] Automatically detected platform cuda.
5054 5054
Loading translated captions from ../data/LAKA_caps
(5054, 2)
True
**********blip**********
reshape position embedding from 576 to 196
load checkpoint from https://storage.googleapis.com/sfr-vision-language-research/BLIP/models/model_base_retrieval_coco.pth
**********img2txt**********
┌───────────┬─────────┐
│ Metric    │ Value   │
├───────────┼─────────┤
│ P@1      │  11.06% │
│ R@1      │  11.06% │
│ MRR@1    │  11.06% │
│ mAP@1    │  11.06% │
└───────────┴─────────┘
┌───────────┬─────────┐
│ Metric    │ Value   │
├───────────┼─────────┤
│ P@5      │   4.12% │
│ R@5      │  20.58% │
│ MRR@5    │  14.63% │
│ mAP@5    │  14.63% │
└───────────┴─────────┘
┌───────────┬─────────┐
│ Metric    │ Value   │
├───────────┼─────────┤
│ P@10     │   2.57% │
│ R@10     │  25.72% │
│ MRR@10   │  15.31% │
│ mAP@10   │  15.31% │
└───────────┴─────────┘
