
The following have been reloaded with a version change:
  1) env/release/2024.1 => env/release/2023.1

[nltk_data] Downloading package stopwords to
[nltk_data]     /home/users/u101139/nltk_data...
[nltk_data]   Package stopwords is already up-to-date!
[nltk_data] Downloading package punkt to
[nltk_data]     /home/users/u101139/nltk_data...
[nltk_data]   Package punkt is already up-to-date!
INFO 02-21 11:06:22 __init__.py:190] Automatically detected platform cuda.
nuclear accidents
nuclear waste
protest
environmentalism
Whole dataset has been processed. Terminated.
tensor([[ True,  True,  True,  ..., False, False, False],
        [ True,  True,  True,  ..., False, False, False],
        [False, False, False,  ..., False, False, False],
        ...,
        [False, False, False,  ..., False, False, False],
        [False, False, False,  ..., False, False, False],
        [False, False, False,  ..., False, False, False]])
```json
[0, 3, 4, 5, 6]
```
```json
[0, 1, 3, 4, 10]
```
```json
[0, 1, 3, 4, 10]
```
```json
[0, 3, 4, 5, 10]
```
```json
[0, 1, 2, 3, 4]
```
```json
[0, 3, 4, 5, 6]
```
```json
[0, 1, 3, 4, 5]
```
```json
[0, 3, 5, 10, 11]
```
```json
[0, 3, 4, 6, 8]
```
```json
[0, 3, 4, 5, 6]
```
```json
[0, 3, 4, 6, 8]
```
```json
[0, 3, 4, 5, 6]
```
```json
[0, 1, 3, 4, 5]
```
```json
[0, 1, 2, 3, 4]
```
```json
[0, 1, 3, 4, 5]
```
```json
[0, 3, 4, 5, 6]
```
```json
[0, 3, 4, 5, 6]
```
```json
[0, 3, 4, 5, 6]
```
```json
[0, 3, 4, 5, 6]
```
```json
[0, 3, 5, 10, 11]
```
```json
[0, 3, 5, 6, 11]
```
```json
[0, 1, 3, 4, 5]
```
```json
[0, 1, 2, 3, 4]
```
```json
[0, 1, 3, 4, 8]
```
```json
[0, 1, 3, 8, 10]
```
```json
[0, 1, 2, 3, 4]
```
```json
[0, 1, 8, 9, 10]
```
```json
[0, 1, 8, 9, 12]
```
```json
[0, 1, 2, 3, 4]
```
```json
[0, 1, 8, 10, 12]
```
```json
[0, 1, 8, 9, 10]
```
```json
[0, 1, 3, 4, 8]
```
```json
[0, 1, 2, 3, 4]
```
```json
[0, 1, 3, 4, 5]
```
```json
[0, 1, 2, 3, 4]
```
```json
[0, 1, 3, 4, 8]
```
```json
[0, 1, 3, 8, 12]
```
```json
[0, 1, 3, 4, 8]
```
```json
[0, 1, 2, 3, 4]
```
```json
[0, 1, 3, 4, 8]
```
```json
[0, 1, 3, 8, 9]
```
```json
[0, 1, 2, 3, 4]
```
```json
[0, 1, 3, 4, 8]
```
```json
[0, 1, 2, 8, 9]
```
```json
[
    0,
    1,
    2,
    3,
    4
]
```
```json
[0, 1, 3, 8, 18]
```
```json
[0, 1, 2, 3, 4]
```
```json
[0, 1, 8, 10, 12]
```
```json
[0, 1, 2, 3, 4]
```
```json
[0, 1, 8, 9, 10]
```
```json
[
    8,
    9,
    10,
    11,
    12
]
```
```json
[0, 1, 2, 3, 4]
```
```json
[1, 2, 3, 4, 5]
```
```json
[0, 1, 8, 10, 12]
```
```json
[0, 1, 2, 8, 9]
```
```json
[0, 1, 3, 8, 9]
```
```json
[0, 1, 8, 9, 10]
```
```json
[0, 1, 3, 4, 10]
```
```json
[1, 2, 3, 8, 9]
```
```json
[1, 2, 3, 4, 5]
```
```json
[0, 1, 2, 3, 4]
```
```json
[0, 1, 3, 4, 10]
```
```json
[0, 1, 3, 4, 8]
```
```json
[0, 1, 2, 3, 4]
```
```json
[0, 1, 8, 9, 10]
```
```json
[1, 2, 3, 4, 5]
```
```json
[]
```
```json
[1, 2, 3, 4, 5]
```
```json
[]
```
```json
[]
```
```json
[]
```
```json
[]
```
```json
[]
```
```json
[]
```
```json
[]
```
```json
[]
```
```json
[1, 2, 3, 4, 5]
```
```json
[1, 2, 3, 4, 5]
```
```json
[]
```
```json
[0, 1, 2, 3, 4]
```
```json
[]
```
```json
[]
```
```json
[]
```
```json
[0, 1, 2, 3, 4]
```
```json
[]
```
```json
[3, 4, 8, 10, 12]
```
```json
[1, 2, 3, 4, 5]
```
```json
[1, 2, 3, 4, 5]
```
```json
[]
```
```json
[1, 2, 3, 4, 5]
```
```json
[]
```
```json
[1, 2, 3, 4, 5]
```
```json
[1, 2, 3, 4, 5]
```
```json
[0, 1, 8, 10, 12]
```
```json
[1, 2, 3, 4, 5]
```
```json
[1, 2, 3, 4, 5]
```
```json
[1, 2, 3, 4, 5]
```
```json
[]
```
```json
[0, 1, 8, 9, 10]
```
```json
[0, 1, 8, 9, 10]
```
```json
[0, 1, 2, 3, 4]
```
```json
[0, 1, 3, 4, 8]
```
```json
[0, 1, 2, 3, 4]
```
```json
[0, 1, 3, 8, 9]
```
```json
[0, 1, 2, 3, 4]
```
```json
[0, 1, 2, 3, 4]
```
```json
[0, 1, 3, 4, 8]
```
```json
[0, 1, 8, 10, 12]
```
```json
[0, 1, 2, 4, 8]
```
```json
[0, 1, 8, 9, 10]
```
```json
[0, 1, 3, 4, 8]
```
```json
[1, 2, 8, 10, 12]
```
```json
[0, 1, 8, 9, 10]
```
```json
[0, 1, 2, 3, 4]
```
```json
[]
```
```json
[1, 2, 3, 4, 5]
```
```json
[0, 1, 3, 8, 12]
```
```json
[0, 1, 3, 8, 10]
```
```json
[0, 1, 4, 12, 18]
```
```json
[1, 2, 3, 4, 5]
```
```json
[0, 1, 3, 4, 8]
```
```json
[1, 2, 3, 4, 5]
```
```json
[0, 1, 3, 4, 10]
```
```json
[1, 2, 3, 4, 5]
```
```json
[1, 2, 3, 4, 5]
```
```json
[1, 2, 3, 4, 5]
```
```json
[1, 2, 3, 4, 5]
```
```json
[
    1,
    2,
    3,
    4,
    5
]
```
```json
[1, 2, 3, 4, 5]
```
```json
[]
```
```json
[1, 2, 3, 4, 5]
```
```json
[1, 2, 3, 4, 5]
```
```json
[1, 2, 3, 4, 5]
```
```json
[0, 1, 2, 3, 4]
```
```json
[0, 1, 2, 3, 4]
```
```json
[0, 1, 2, 3, 4]
```
```json
[0, 1, 2, 3, 4]
```
```json
[0, 1, 8, 10, 12]
```
```json
[0, 1, 3, 8, 10]
```
