
The following have been reloaded with a version change:
  1) env/release/2024.1 => env/release/2023.1

5047
157117
**********blip**********
reshape position embedding from 576 to 196
load checkpoint from https://storage.googleapis.com/sfr-vision-language-research/BLIP/models/model_base_retrieval_coco.pth
DONE.
**********blip**********
reshape position embedding from 576 to 196
load checkpoint from https://storage.googleapis.com/sfr-vision-language-research/BLIP/models/model_base_retrieval_coco.pth
DONE.
**********clip**********
  0%|          | 0/17 [00:00<?, ?it/s]  6%|▌         | 1/17 [00:10<02:49, 10.57s/it] 12%|█▏        | 2/17 [00:19<02:22,  9.48s/it] 18%|█▊        | 3/17 [00:26<01:58,  8.50s/it] 24%|██▎       | 4/17 [00:35<01:51,  8.60s/it] 29%|██▉       | 5/17 [00:42<01:37,  8.15s/it] 35%|███▌      | 6/17 [00:51<01:32,  8.44s/it] 41%|████      | 7/17 [00:58<01:20,  8.05s/it] 47%|████▋     | 8/17 [01:07<01:13,  8.19s/it] 53%|█████▎    | 9/17 [01:14<01:03,  7.97s/it] 59%|█████▉    | 10/17 [01:23<00:56,  8.00s/it] 65%|██████▍   | 11/17 [01:30<00:47,  7.99s/it] 71%|███████   | 12/17 [01:39<00:40,  8.07s/it] 76%|███████▋  | 13/17 [01:46<00:31,  7.77s/it] 82%|████████▏ | 14/17 [01:54<00:23,  7.96s/it] 88%|████████▊ | 15/17 [02:02<00:15,  7.79s/it] 94%|█████████▍| 16/17 [02:11<00:08,  8.24s/it]100%|██████████| 17/17 [02:14<00:00,  6.75s/it]100%|██████████| 17/17 [02:14<00:00,  7.92s/it]
**********clip**********
**********clip**********
**********clip**********
**********clip**********
**********clip**********
**********clip**********
**********clip**********
**********clip**********
**********clip**********
**********clip**********
**********clip**********
**********clip**********
**********clip**********
**********clip**********
**********clip**********
**********clip**********
**********clip**********
4729
153555
**********clip**********
DONE.
**********clip**********
DONE.
