
The following have been reloaded with a version change:
  1) env/release/2024.1 => env/release/2023.1

[nltk_data] Downloading package stopwords to
[nltk_data]     /home/users/u101139/nltk_data...
[nltk_data]   Package stopwords is already up-to-date!
[nltk_data] Downloading package punkt to
[nltk_data]     /home/users/u101139/nltk_data...
[nltk_data]   Package punkt is already up-to-date!
INFO 02-23 17:44:30 __init__.py:190] Automatically detected platform cuda.
nuclear accidents
nuclear waste
protest
environmentalism
Whole dataset has been processed. Terminated.
tensor([[ True,  True,  True,  ..., False, False, False],
        [ True,  True,  True,  ..., False, False, False],
        [False, False, False,  ..., False, False, False],
        ...,
        [False, False, False,  ..., False, False, False],
        [False, False, False,  ..., False, False, False],
        [False, False, False,  ..., False, False, False]])
Predictions for text 0:
```json
{
  "similar_images": [
    0,
    1,
    2,
    3,
    4,
    5,
    6,
    7,
    8,
    9

Predictions for text 1:
```json
{
  "similar_images": [
    0,
    1,
    3,
    4,
    6,
    8,
    10,
    12,
    14,
    16

Predictions for text 2:
```json
{
  "similar_images": [
    0,
    1,
    8,
    9,
    10,
    11,
    12,
    13,
    14,
    15

Predictions for text 3:
```json
{
  "similar_images": [
    0,
    1,
    8,
    9,
    10,
    11,
    12,
    13,
    14,
    15

Predictions for text 4:
```json
{
  "similar_images": [
    0,
    1,
    2,
    3,
    4,
    5,
    6,
    7,
    8,
    9

Predictions for text 5:
```json
{
  "similar_images": [
    0,
    1,
    8,
    9,
    10,
    11,
    12,
    13,
    14,
    15

Predictions for text 6:
```json
{
  "similar_images": [
    0,
    1,
    2,
    3,
    4,
    5,
    6,
    7,
    8,
    9

Predictions for text 7:
```json
{
  "similar_images": [
    0,
    1,
    3,
    4,
    5,
    6,
    8,
    9,
    10,
    11

Predictions for text 8:
```json
{
  "similar_images": [
    0,
    1,
    3,
    4,
    5,
    6,
    8,
    9,
    10,
    11

Predictions for text 9:
```json
{
  "similar_images": [
    0,
    1,
    2,
    3,
    4,
    5,
    6,
    7,
    8,
    9

Predictions for text 10:
```json
{
  "similar_images": [
    0,
    1,
    2,
    3,
    4,
    5,
    6,
    7,
    8,
    9

Predictions for text 11:
```json
{
  "similar_images": [
    0,
    1,
    2,
    3,
    4,
    5,
    6,
    7,
    8,
    9

Predictions for text 12:
```json
{
  "similar_images": [
    0,
    1,
    3,
    4,
    5,
    6,
    8,
    9,
    10,
    11

Predictions for text 13:
```json
{
  "similar_images": [
    0,
    1,
    2,
    3,
    4,
    5,
    6,
    7,
    8,
    9

Predictions for text 14:
```json
{
  "similar_images": [
    0,
    1,
    3,
    4,
    5,
    6,
    8,
    10,
    12,
    14

Predictions for text 15:
```json
{
  "similar_images": [
    0,
    1,
    3,
    4,
    5,
    6,
    8,
    9,
    10,
    11

Predictions for text 16:
```json
{
  "similar_images": [
    0,
    1,
    3,
    4,
    5,
    6,
    8,
    9,
    10,
    11

Predictions for text 17:
```json
{
  "similar_images": [
    0,
    1,
    2,
    3,
    4,
    5,
    6,
    7,
    8,
    9

Predictions for text 18:
```json
{
  "similar_images": [
    0,
    1,
    2,
    3,
    4,
    5,
    6,
    7,
    8,
    9

Predictions for text 19:
```json
{
  "similar_images": [
    1,
    0,
    3,
    4,
    5,
    6,
    9,
    10,
    12,
    13

Predictions for text 20:
```json
{
  "similar_images": [
    0,
    1,
    3,
    4,
    5,
    6,
    8,
    9,
    10,
    11

Predictions for text 21:
```json
{
  "similar_images": [
    0,
    1,
    8,
    9,
    10,
    11,
    12,
    13,
    14,
    15

Predictions for text 22:
```json
{
  "similar_images": [
    0,
    1,
    8,
    9,
    10,
    12,
    13,
    14,
    15,
    16

Predictions for text 23:
```json
{
  "similar_images": [
    0,
    1,
    8,
    9,
    10,
    11,
    12,
    13,
    14,
    15

Predictions for text 24:
```json
{
  "similar_images": [
    0,
    1,
    2,
    3,
    4,
    5,
    6,
    7,
    8,
    9

Predictions for text 25:
```json
{
  "similar_images": [
    0,
    1,
    9,
    10,
    12,
    13,
    14,
    15,
    16,
    17

Predictions for text 26:
```json
{
  "similar_images": [
    0,
    1,
    8,
    9,
    10,
    11,
    12,
    13,
    14,
    15

Predictions for text 27:
```json
{
  "similar_images": [
    0,
    1,
    8,
    9,
    10,
    11,
    12,
    13,
    14,
    15

Predictions for text 28:
```json
{
  "similar_images": [
    18,
    19,
    17,
    16,
    15,
    14,
    13,
    12,
    11,
    10

Predictions for text 29:
```json
{
  "similar_images": [
    0,
    1,
    3,
    4,
    5,
    6,
    8,
    9,
    10,
    11

Predictions for text 30:
```json
{
  "similar_images": [
    8,
    9,
    10,
    11,
    12,
    13,
    14,
    15,
    16,
    17

Predictions for text 31:
```json
{
  "similar_images": [
    0,
    1,
    2,
    3,
    4,
    5,
    6,
    7,
    8,
    9

Predictions for text 32:
```json
{
  "similar_images": [
    0,
    1,
    3,
    4,
    5,
    6,
    8,
    9,
    10,
    11

Predictions for text 33:
```json
{
  "similar_images": [
    0,
    1,
    8,
    9,
    10,
    11,
    12,
    13,
    14,
    15

Predictions for text 34:
```json
{
  "similar_images": [
    0,
    1,
    2,
    3,
    4,
    5,
    6,
    7,
    8,
    9

Predictions for text 35:
```json
{
  "similar_images": [
    0,
    1,
    2,
    3,
    4,
    5,
    6,
    7,
    8,
    9

Predictions for text 36:
```json
{
  "similar_images": [
    0,
    1,
    2,
    3,
    4,
    5,
    6,
    7,
    8,
    9

Predictions for text 37:
```json
{
  "similar_images": [
    0,
    1,
    2,
    3,
    4,
    5,
    6,
    7,
    8,
    9

Predictions for text 38:
```json
{
  "similar_images": [
    0,
    1,
    3,
    4,
    5,
    6,
    8,
    9,
    10,
    11

Predictions for text 39:
```json
{
  "similar_images": [
    0,
    1,
    3,
    4,
    5,
    6,
    8,
    9,
    10,
    11

Predictions for text 40:
```json
{
  "similar_images": [
    0,
    1,
    3,
    4,
    5,
    6,
    8,
    9,
    10,
    11

Predictions for text 41:
```json
{
  "similar_images": [
    0,
    1,
    3,
    4,
    5,
    6,
    8,
    9,
    10,
    11

Predictions for text 42:
```json
{
  "similar_images": [
    0,
    1,
    8,
    9,
    10,
    11,
    12,
    13,
    14,
    15

Predictions for text 43:
```json
{
  "similar_images": [
    0,
    1,
    2,
    3,
    4,
    5,
    6,
    7,
    8,
    9

Predictions for text 44:
```json
{
  "similar_images": [
    0,
    1,
    2,
    3,
    4,
    5,
    6,
    7,
    8,
    9

Predictions for text 45:
```json
{
  "similar_images": [
    36,
    38,
    37,
    35,
    34,
    33,
    32,
    31,
    30,
    29

Predictions for text 46:
```json
{
  "similar_images": [
    0,
    1,
    2,
    3,
    4,
    5,
    6,
    7,
    8,
    9

Predictions for text 47:
```json
{
  "similar_images": [
    0,
    1,
    2,
    3,
    4,
    5,
    6,
    7,
    8,
    9

Predictions for text 48:
```json
{
  "similar_images": [
    0,
    1,
    2,
    3,
    4,
    5,
    6,
    7,
    8,
    9

Predictions for text 49:
```json
{
  "similar_images": [
    0,
    1,
    2,
    3,
    4,
    5,
    6,
    7,
    8,
    9

Predictions for text 50:
```json
{
  "similar_images": [
    8,
    9,
    10,
    11,
    12,
    13,
    14,
    15,
    16,
    17

Predictions for text 51:
```json
{
  "similar_images": [
    8,
    9,
    10,
    11,
    12,
    13,
    14,
    15,
    16,
    17

Predictions for text 52:
```json
{
  "similar_images": [
    0,
    1,
    2,
    3,
    4,
    5,
    6,
    7,
    8,
    9

Predictions for text 53:
```json
{
  "similar_images": [
    9,
    10,
    11,
    12,
    13,
    14,
    15,
    16,
    17,
    18

Predictions for text 54:
```json
{
  "similar_images": [
    0,
    1,
    2,
    3,
    4,
    5,
    6,
    7,
    8,
    9

Predictions for text 55:
```json
{
  "similar_images": [
    18,
    19,
    20,
    21,
    22,
    23,
    24,
    25,
    26,
    27

Predictions for text 56:
```json
{
  "similar_images": [
    12,
    13,
    14,
    15,
    16,
    17,
    18,
    19,
    20,
    21

Predictions for text 57:
```json
{
  "similar_images": [
    0,
    1,
    2,
    3,
    4,
    5,
    6,
    7,
    8,
    9

Predictions for text 58:
```json
{
  "similar_images": [
    0,
    1,
    2,
    3,
    4,
    5,
    6,
    7,
    8,
    9

Predictions for text 59:
```json
{
  "similar_images": [
    15,
    16,
    17,
    18,
    19,
    20,
    21,
    22,
    23,
    24

Predictions for text 60:
```json
{
  "similar_images": [
    1,
    2,
    3,
    4,
    5,
    6,
    7,
    8,
    9,
    10

Predictions for text 61:
```json
{
  "similar_images": [
    8,
    9,
    10,
    11,
    12,
    13,
    14,
    15,
    16,
    17

Predictions for text 62:
```json
{
  "similar_images": [
    0,
    1,
    2,
    3,
    4,
    5,
    6,
    7,
    8,
    9

Predictions for text 63:
```json
{
  "similar_images": [
    1,
    2,
    3,
    4,
    5,
    6,
    7,
    8,
    9,
    10

Predictions for text 64:
```json
{
  "similar_images": [
    1,
    2,
    3,
    4,
    5,
    6,
    7,
    8,
    9,
    10

Predictions for text 65:
```json
{
  "similarity_order": [
    1,
    2,
    3,
    4,
    5,
    6,
    7,
    8,
    9,
    10
Predictions for text 66:
```json
{
  "similar_images": [
    8,
    9,
    10,
    11,
    12,
    13,
    14,
    15,
    16,
    17

Predictions for text 67:
```json
{
  "similar_images": [
    0,
    1,
    2,
    3,
    4,
    5,
    6,
    7,
    8,
    9

Predictions for text 68:
```json
{
  "similar_images": [
    1,
    2,
    3,
    4,
    5,
    6,
    7,
    8,
    9,
    10

Predictions for text 69:
```json
{
  "similar_images": [
    1,
    2,
    3,
    4,
    5,
    6,
    7,
    8,
    9,
    10

Predictions for text 70:
```json
{
  "similar_images": [
    0,
    1,
    3,
    4,
    5,
    6,
    8,
    9,
    10,
    11

Predictions for text 71:
```json
{
  "similar_images": [
    0,
    1,
    3,
    4,
    5,
    6,
    8,
    9,
    10,
    11

Predictions for text 72:
```json
{
  "similar_images": [
    1,
    2,
    3,
    4,
    5,
    6,
    7,
    8,
    9,
    10

Predictions for text 73:
```json
{
  "similar_images": [
    0,
    1,
    3,
    4,
    5,
    6,
    7,
    8,
    9,
    10

Predictions for text 74:
```json
{
  "similar_images": [
    1,
    2,
    3,
    4,
    5,
    6,
    7,
    8,
    9,
    10

Predictions for text 75:
```json
{
  "similar_images": [
    0,
    1,
    2,
    3,
    4,
    5,
    6,
    7,
    8,
    9

Predictions for text 76:
```json
{
  "similar_images": [
    0,
    1,
    2,
    3,
    4,
    5,
    6,
    7,
    8,
    9

Predictions for text 77:
```json
{
  "similar_images": [
    0,
    1,
    2,
    3,
    4,
    5,
    6,
    7,
    8,
    9

Predictions for text 78:
```json
{
  "similar_images": [
    0,
    1,
    8,
    9,
    10,
    11,
    12,
    13,
    14,
    15

Predictions for text 79:
```json
{
  "similar_images": [
    1,
    2,
    3,
    4,
    5,
    6,
    7,
    8,
    9,
    10

Predictions for text 80:
```json
{
  "similar_images": [
    0,
    1,
    2,
    3,
    4,
    5,
    6,
    7,
    8,
    9

Predictions for text 81:
```json
{
  "similar_images": [
    0,
    1,
    2,
    3,
    4,
    5,
    6,
    7,
    8,
    9

Predictions for text 82:
```json
{
  "similar_images": [
    0,
    1,
    2,
    3,
    4,
    5,
    6,
    7,
    8,
    9

Predictions for text 83:
```json
{
  "similar_images": [
    1,
    2,
    3,
    4,
    5,
    6,
    7,
    8,
    9,
    10

Predictions for text 84:
```json
{
  "similar_images": [
    0,
    1,
    3,
    4,
    5,
    6,
    8,
    9,
    10,
    11

Predictions for text 85:
```json
{
  "similar_images": [
    0,
    1,
    2,
    3,
    4,
    5,
    6,
    7,
    8,
    9

Predictions for text 86:
```json
{
  "similar_images": [
    0,
    1,
    2,
    3,
    4,
    5,
    6,
    7,
    8,
    9

Predictions for text 87:
```json
{
  "similar_images": [
    0,
    1,
    2,
    3,
    4,
    5,
    6,
    7,
    8,
    9

Predictions for text 88:
```json
{
  "similar_images": [
    0,
    1,
    2,
    3,
    4,
    5,
    6,
    7,
    8,
    9

Predictions for text 89:
```json
{
  "similar_images": [
    5,
    6,
    7,
    8,
    9,
    10,
    11,
    12,
    13,
    14

Predictions for text 90:
```json
{
  "similar_images": [
    1,
    0,
    8,
    9,
    10,
    12,
    14,
    15,
    16,
    17

Predictions for text 91:
```json
{
  "similar_images": [
    0,
    1,
    2,
    3,
    4,
    5,
    6,
    7,
    8,
    9

Predictions for text 92:
```json
{
  "similar_images": [
    8,
    9,
    10,
    11,
    12,
    13,
    14,
    15,
    16,
    17

Predictions for text 93:
```json
{
  "similar_images": [
    0,
    1,
    2,
    3,
    4,
    5,
    6,
    7,
    8,
    9

Predictions for text 94:
```json
{
  "similar_images": [
    0,
    1,
    2,
    3,
    4,
    5,
    6,
    7,
    8,
    9

Predictions for text 95:
```json
{
  "similar_images": [
    0,
    1,
    3,
    4,
    5,
    6,
    8,
    9,
    10,
    11

Predictions for text 96:
```json
{
  "similar_images": [
    0,
    1,
    3,
    4,
    5,
    8,
    9,
    10,
    12,
    13

Predictions for text 97:
```json
{
  "similar_images": [
    0,
    1,
    2,
    3,
    4,
    5,
    6,
    7,
    8,
    9

Predictions for text 98:
```json
{
  "similar_images": [
    0,
    1,
    2,
    3,
    4,
    5,
    6,
    7,
    8,
    9

Predictions for text 99:
```json
{
  "similar_images": [
    0,
    1,
    2,
    3,
    4,
    5,
    6,
    7,
    8,
    9

Predictions for text 100:
```json
{
  "similar_images": [
    0,
    1,
    2,
    3,
    4,
    5,
    6,
    7,
    8,
    9

Predictions for text 101:
```json
{
  "similarity_order": [
    1,
    0,
    3,
    4,
    5,
    6,
    7,
    8,
    9,
    10
Predictions for text 102:
```json
{
  "similar_images": [
    8,
    9,
    10,
    11,
    12,
    13,
    14,
    15,
    16,
    17

Predictions for text 103:
```json
{
  "similar_images": [
    0,
    1,
    2,
    3,
    4,
    5,
    6,
    7,
    8,
    9

Predictions for text 104:
```json
{
  "similar_images": [
    0,
    1,
    3,
    4,
    5,
    6,
    8,
    9,
    10,
    11

Predictions for text 105:
```json
{
  "similar_images": [
    0,
    1,
    2,
    3,
    4,
    5,
    6,
    7,
    8,
    9

Predictions for text 106:
```json
{
  "similar_images": [
    0,
    1,
    2,
    3,
    4,
    5,
    6,
    7,
    8,
    9

Predictions for text 107:
```json
{
  "similar_images": [
    12,
    11,
    10,
    9,
    8,
    7,
    6,
    5,
    4,
    3

Predictions for text 108:
```json
{
  "similar_images": [
    1,
    2,
    3,
    4,
    5,
    6,
    7,
    8,
    9,
    10

Predictions for text 109:
```json
{
  "similar_images": [
    0,
    1,
    2,
    3,
    4,
    5,
    6,
    7,
    8,
    9

Predictions for text 110:
```json
{
  "similar_images": [
    1,
    0,
    2,
    3,
    4,
    5,
    6,
    7,
    8,
    9

Predictions for text 111:
```json
{
  "similar_images": [
    0,
    1,
    3,
    4,
    6,
    8,
    9,
    10,
    11,
    12

Predictions for text 112:
```json
{
  "similar_images": [
    8,
    9,
    10,
    11,
    12,
    13,
    14,
    15,
    16,
    17

Predictions for text 113:
```json
{
  "similar_images": [
    12,
    11,
    10,
    9,
    8,
    7,
    6,
    5,
    4,
    3

Predictions for text 114:
```json
{
  "similar_images": [
    0,
    1,
    8,
    9,
    10,
    11,
    12,
    13,
    14,
    15

Predictions for text 115:
```json
{
  "similar_images": [
    1,
    2,
    3,
    4,
    5,
    6,
    7,
    8,
    9,
    10

Predictions for text 116:
```json
{
  "similar_images": [
    1,
    2,
    3,
    4,
    5,
    6,
    7,
    8,
    9,
    10

