
The following have been reloaded with a version change:
  1) env/release/2024.1 => env/release/2023.1

[nltk_data] Downloading package stopwords to
[nltk_data]     /home/users/u101139/nltk_data...
[nltk_data]   Package stopwords is already up-to-date!
[nltk_data] Downloading package punkt to
[nltk_data]     /home/users/u101139/nltk_data...
[nltk_data]   Package punkt is already up-to-date!
INFO 02-23 16:22:13 __init__.py:190] Automatically detected platform cuda.
nuclear accidents
nuclear waste
protest
environmentalism
Whole dataset has been processed. Terminated.
tensor([[ True,  True,  True,  ..., False, False, False],
        [ True,  True,  True,  ..., False, False, False],
        [False, False, False,  ..., False, False, False],
        ...,
        [False, False, False,  ..., False, False, False],
        [False, False, False,  ..., False, False, False],
        [False, False, False,  ..., False, False, False]])
Predictions for images 0:
```json
{
  "similarity_order": [
    0,
    1,
    3,
    4,
    5,
    6,
    8,
    9,
    10,
    11
Predictions for images 1:
```json
{
  "similarity_order": [
    0,
    1,
    3,
    2,
    4,
    6,
    8,
    9,
    10,
    11
Predictions for images 2:
```json
{
  "similarity_order": [
    0,
    1,
    3,
    4,
    8,
    9,
    10,
    11,
    12,
    13
Predictions for images 3:
```json
{
  "similarity_order": [
    0,
    3,
    4,
    1,
    2,
    8,
    9,
    10,
    11,
    12
Predictions for images 4:
```json
{
  "similarity_order": [
    0,
    8,
    3,
    4,
    1,
    2,
    6,
    5,
    7,
    9
Predictions for images 5:
```json
{
  "similarity_order": [
    0,
    8,
    2,
    3,
    4,
    1,
    5,
    6,
    7,
    9
Predictions for images 6:
```json
{
  "similarity_order": [
    0,
    1,
    2,
    3,
    4,
    5,
    6,
    7,
    8,
    9
Predictions for images 7:
```json
{
  "similarity_order": [
    0,
    8,
    1,
    3,
    4,
    5,
    6,
    7,
    9,
    10
Predictions for images 8:
```json
{
  "similarity_order": [
    0,
    3,
    1,
    2,
    4,
    5,
    6,
    8,
    7,
    9
Predictions for images 9:
```json
{
  "similarity_order": [
    0,
    1,
    3,
    4,
    5,
    6,
    8,
    9,
    10,
    11
Predictions for images 10:
```json
{
  "similarity_order": [
    0,
    1,
    2,
    3,
    4,
    5,
    6,
    7,
    8,
    9
Predictions for images 11:
```json
{
  "similarity_order": [
    0,
    1,
    3,
    4,
    5,
    8,
    9,
    10,
    11,
    12
Predictions for images 12:
```json
{
  "similarity_order": [
    0,
    1,
    3,
    4,
    5,
    8,
    9,
    10,
    11,
    12
Predictions for images 13:
```json
{
  "similarity_order": [
    0,
    1,
    2,
    3,
    4,
    5,
    6,
    7,
    8,
    9
Predictions for images 14:
```json
{
  "similarity_order": [
    0,
    1,
    3,
    4,
    5,
    8,
    9,
    10,
    11,
    12
Predictions for images 15:
```json
{
  "similarity_order": [
    83,
    80,
    79,
    78,
    77,
    76,
    75,
    74,
    73,
    72
Predictions for images 16:
```json
{
  "similarity_order": [
    0,
    8,
    1,
    3,
    4,
    5,
    6,
    7,
    2,
    9
Predictions for images 17:
```json
{
  "similarity_order": [
    0,
    8,
    1,
    3,
    4,
    6,
    2,
    5,
    7,
    9
Predictions for images 18:
```json
{
  "similarity_order": [
    0,
    6,
    1,
    3,
    4,
    2,
    8,
    10,
    11,
    12
Predictions for images 19:
```json
{
  "similarity_order": [
    0,
    1,
    3,
    4,
    5,
    8,
    10,
    11,
    12,
    13
Predictions for images 20:
```json
{
  "similarity_order": [
    59,
    60,
    61,
    62,
    63,
    64,
    65,
    66,
    67,
    68
Predictions for images 21:
```json
{
  "similarity_order": [
    0,
    1,
    2,
    3,
    4,
    5,
    6,
    7,
    8,
    9
