
The following have been reloaded with a version change:
  1) env/release/2024.1 => env/release/2023.1

[nltk_data] Downloading package stopwords to
[nltk_data]     /home/users/u101139/nltk_data...
[nltk_data]   Package stopwords is already up-to-date!
[nltk_data] Downloading package punkt to
[nltk_data]     /home/users/u101139/nltk_data...
[nltk_data]   Package punkt is already up-to-date!
INFO 02-23 19:29:08 __init__.py:190] Automatically detected platform cuda.
nuclear accidents
nuclear waste
protest
environmentalism
Whole dataset has been processed. Terminated.
img2txt
torch.Size([22, 117])
Top 1 precision: 18.18
Top 1 recall: 1.65
Top 5 precision: 18.18
Top 5 recall: 8.26
Top 10 precision: 15.91
Top 10 recall: 14.46
